KLEE: output directory is "/home/str/JavaInstrumentation/klee/13/klee-out"
KLEE: Using STP solver backend
WARNING: this target does not support the llvm.stacksave intrinsic.
KLEE: WARNING: undefined reference to function: fflush
KLEE: WARNING: undefined reference to function: fprintf
KLEE: WARNING: undefined reference to function: printf
KLEE: WARNING: undefined reference to variable: stderr
KLEE: WARNING: undefined reference to variable: stdout
KLEE: WARNING ONCE: calling external: printf(95352823244832, 16) at klee/13/Problem13.c:840 34
KLEE: WARNING ONCE: calling external: fflush(124322544084640) at klee/13/Problem13.c:841 5
16
23
KLEE: WARNING ONCE: calling external: fprintf(124322544084416, 95352823554976, (ReadLSB w32 0 program)) at klee/13/Problem13.c:2179 6
Invalid input: 5
20
19
16
Invalid input: 7
23
Invalid input: 5
20
19
Invalid input: 2
error_10 KLEE: ERROR: klee/13/Problem13.c:9: ASSERTION FAIL: 0
KLEE: NOTE: now ignoring this error at this location
16
23
21
error_34 23
24
16
Invalid input: 5
Invalid input: 5
20
Invalid input: 4
19
20
19
23
20
16
error_10 Invalid input: 7
Invalid input: 9
23
20
23
20
Invalid input: 4
21
15
16
Invalid input: 5
Invalid input: 2
19
25
24
Invalid input: 5
19
Invalid input: 5
19
Invalid input: 5
23
Invalid input: 9
error_10 Invalid input: 2
16
error_10 error_34 20
20
16
26
19
23
16
23
Invalid input: 8
Invalid input: 7
21
error_10 23
Invalid input: 10
23
21
19
15
Invalid input: 5
20
20
23
error_34 23
Invalid input: 3
Invalid input: 5
19
Invalid input: 4
error_10 16
21
23
24
Invalid input: 5
Invalid input: 5
Invalid input: 2
24
20
19
25
25
Invalid input: 5
23
19
Invalid input: 5
error_10 21
20
19
23
16
24
20
Invalid input: 9
Invalid input: 9
19
16
16
20
20
23
20
20
Invalid input: 6
Invalid input: 2
20
19
Invalid input: 7
19
20
24
error_10 Invalid input: 7
error_10 25
23
20
16
error_10 20
23
Invalid input: 10
19
Invalid input: 4
26
Invalid input: 5
21
26
Invalid input: 7
23
23
23
18
Invalid input: 8
error_10 19
20
Invalid input: 8
16
Invalid input: 5
16
19
26
Invalid input: 1
24
21
Invalid input: 3
Invalid input: 5
Invalid input: 4
23
20
21
19
21
Invalid input: 5
23
23
19
23
20
error_34 error_10 Invalid input: 6
24
20
19
Invalid input: 5
Invalid input: 5
23
21
Invalid input: 5
20
19
Invalid input: 5
Invalid input: 5
24
Invalid input: 2
Invalid input: 2
20
23
19
24
Invalid input: 5
19
error_10 25
Invalid input: 2
19
Invalid input: 5
25
Invalid input: 5
19
Invalid input: 2
Invalid input: 5
error_10 Invalid input: 9
16
19
Invalid input: 4
20
error_34 Invalid input: 5
error_10 16
19
20
error_10 25
19
23
Invalid input: 2
25
16
error_10 21
25
24
19
error_34 23
16
19
Invalid input: 9
error_10 16
error_10 Invalid input: 7
24
20
23
23
Invalid input: 5
Invalid input: 2
Invalid input: 9
23
16
Invalid input: 10
20
19
20
23
21
Invalid input: 8
Invalid input: 2
error_10 19
20
23
16
15
23
error_10 Invalid input: 10
Invalid input: 5
20
Invalid input: 4
19
Invalid input: 7
23
21
21
16
15
21
21
23
error_10 error_10 16
19
21
20
23
19
