
===========================================================
 Problem 11
===========================================================
  [ready] Problem11  concolic
  [run] improved (reuseProb=0.7) seed=1  →  logs/task3/improved/Problem11_concolic_seed1.csv
    exit=0  csv=logs/task3/improved/Problem11_concolic_seed1.csv
  [run] improved (reuseProb=0.7) seed=2  →  logs/task3/improved/Problem11_concolic_seed2.csv
    exit=0  csv=logs/task3/improved/Problem11_concolic_seed2.csv
  [run] improved (reuseProb=0.7) seed=3  →  logs/task3/improved/Problem11_concolic_seed3.csv
    exit=0  csv=logs/task3/improved/Problem11_concolic_seed3.csv
  [run] improved (reuseProb=0.7) seed=4  →  logs/task3/improved/Problem11_concolic_seed4.csv
    exit=0  csv=logs/task3/improved/Problem11_concolic_seed4.csv
  [run] improved (reuseProb=0.7) seed=5  →  logs/task3/improved/Problem11_concolic_seed5.csv
    exit=0  csv=logs/task3/improved/Problem11_concolic_seed5.csv

===========================================================
 Problem 12
===========================================================
  [ready] Problem12  concolic
  [run] improved (reuseProb=0.7) seed=1  →  logs/task3/improved/Problem12_concolic_seed1.csv
    exit=0  csv=logs/task3/improved/Problem12_concolic_seed1.csv
  [run] improved (reuseProb=0.7) seed=2  →  logs/task3/improved/Problem12_concolic_seed2.csv
    exit=0  csv=logs/task3/improved/Problem12_concolic_seed2.csv
  [run] improved (reuseProb=0.7) seed=3  →  logs/task3/improved/Problem12_concolic_seed3.csv
    exit=0  csv=logs/task3/improved/Problem12_concolic_seed3.csv
  [run] improved (reuseProb=0.7) seed=4  →  logs/task3/improved/Problem12_concolic_seed4.csv
    exit=0  csv=logs/task3/improved/Problem12_concolic_seed4.csv
  [run] improved (reuseProb=0.7) seed=5  →  logs/task3/improved/Problem12_concolic_seed5.csv
    exit=0  csv=logs/task3/improved/Problem12_concolic_seed5.csv

===========================================================
 Problem 13
===========================================================
  [ready] Problem13  concolic
  [run] improved (reuseProb=0.7) seed=1  →  logs/task3/improved/Problem13_concolic_seed1.csv
    exit=0  csv=logs/task3/improved/Problem13_concolic_seed1.csv
  [run] improved (reuseProb=0.7) seed=2  →  logs/task3/improved/Problem13_concolic_seed2.csv
    exit=0  csv=logs/task3/improved/Problem13_concolic_seed2.csv
  [run] improved (reuseProb=0.7) seed=3  →  logs/task3/improved/Problem13_concolic_seed3.csv
    exit=0  csv=logs/task3/improved/Problem13_concolic_seed3.csv
  [run] improved (reuseProb=0.7) seed=4  →  logs/task3/improved/Problem13_concolic_seed4.csv
    exit=0  csv=logs/task3/improved/Problem13_concolic_seed4.csv
  [run] improved (reuseProb=0.7) seed=5  →  logs/task3/improved/Problem13_concolic_seed5.csv
    exit=0  csv=logs/task3/improved/Problem13_concolic_seed5.csv

===========================================================
 Problem 14
===========================================================
  [ready] Problem14  concolic
  [run] improved (reuseProb=0.7) seed=1  →  logs/task3/improved/Problem14_concolic_seed1.csv
    exit=0  csv=logs/task3/improved/Problem14_concolic_seed1.csv
  [run] improved (reuseProb=0.7) seed=2  →  logs/task3/improved/Problem14_concolic_seed2.csv
    exit=0  csv=logs/task3/improved/Problem14_concolic_seed2.csv
  [run] improved (reuseProb=0.7) seed=3  →  logs/task3/improved/Problem14_concolic_seed3.csv
    exit=0  csv=logs/task3/improved/Problem14_concolic_seed3.csv
  [run] improved (reuseProb=0.7) seed=4  →  logs/task3/improved/Problem14_concolic_seed4.csv
    exit=0  csv=logs/task3/improved/Problem14_concolic_seed4.csv
  [run] improved (reuseProb=0.7) seed=5  →  logs/task3/improved/Problem14_concolic_seed5.csv
    exit=0  csv=logs/task3/improved/Problem14_concolic_seed5.csv

===========================================================
 Problem 15
===========================================================
  [ready] Problem15  concolic
  [run] improved (reuseProb=0.7) seed=1  →  logs/task3/improved/Problem15_concolic_seed1.csv
    exit=0  csv=logs/task3/improved/Problem15_concolic_seed1.csv
  [run] improved (reuseProb=0.7) seed=2  →  logs/task3/improved/Problem15_concolic_seed2.csv
    exit=0  csv=logs/task3/improved/Problem15_concolic_seed2.csv
  [run] improved (reuseProb=0.7) seed=3  →  logs/task3/improved/Problem15_concolic_seed3.csv
    exit=0  csv=logs/task3/improved/Problem15_concolic_seed3.csv
  [run] improved (reuseProb=0.7) seed=4  →  logs/task3/improved/Problem15_concolic_seed4.csv
    exit=0  csv=logs/task3/improved/Problem15_concolic_seed4.csv
  [run] improved (reuseProb=0.7) seed=5  →  logs/task3/improved/Problem15_concolic_seed5.csv
    exit=0  csv=logs/task3/improved/Problem15_concolic_seed5.csv

===========================================================
 Problem 16
===========================================================
  [compile --type=concolic] Problem16
instrumented/concolic/Problem16.java:99656: error: code too large
    private void calculateOutputm207(String input, MyVar my_input) {
                 ^
instrumented/concolic/Problem16.java:151591: error: code too large
    private void calculateOutputm313(String input, MyVar my_input) {
                 ^
2 errors
  [ERROR] compile failed
  [ERROR] concolic setup failed for Problem16 — skipping

===========================================================
 Problem 17
===========================================================
  [ready] Problem17  concolic
  [run] improved (reuseProb=0.7) seed=1  →  logs/task3/improved/Problem17_concolic_seed1.csv
    exit=0  csv=logs/task3/improved/Problem17_concolic_seed1.csv
  [run] improved (reuseProb=0.7) seed=2  →  logs/task3/improved/Problem17_concolic_seed2.csv
    exit=0  csv=logs/task3/improved/Problem17_concolic_seed2.csv
  [run] improved (reuseProb=0.7) seed=3  →  logs/task3/improved/Problem17_concolic_seed3.csv
    exit=0  csv=logs/task3/improved/Problem17_concolic_seed3.csv
  [run] improved (reuseProb=0.7) seed=4  →  logs/task3/improved/Problem17_concolic_seed4.csv
    exit=0  csv=logs/task3/improved/Problem17_concolic_seed4.csv
  [run] improved (reuseProb=0.7) seed=5  →  logs/task3/improved/Problem17_concolic_seed5.csv
    exit=0  csv=logs/task3/improved/Problem17_concolic_seed5.csv

===========================================================
 Problem 18
===========================================================
  [ready] Problem18  concolic
  [run] improved (reuseProb=0.7) seed=1  →  logs/task3/improved/Problem18_concolic_seed1.csv
    exit=0  csv=logs/task3/improved/Problem18_concolic_seed1.csv
  [run] improved (reuseProb=0.7) seed=2  →  logs/task3/improved/Problem18_concolic_seed2.csv
    exit=0  csv=logs/task3/improved/Problem18_concolic_seed2.csv
  [run] improved (reuseProb=0.7) seed=3  →  logs/task3/improved/Problem18_concolic_seed3.csv
    exit=0  csv=logs/task3/improved/Problem18_concolic_seed3.csv
  [run] improved (reuseProb=0.7) seed=4  →  logs/task3/improved/Problem18_concolic_seed4.csv
    exit=0  csv=logs/task3/improved/Problem18_concolic_seed4.csv
  [run] improved (reuseProb=0.7) seed=5  →  logs/task3/improved/Problem18_concolic_seed5.csv
    exit=0  csv=logs/task3/improved/Problem18_concolic_seed5.csv

===========================================================
 Problem 19
===========================================================
  [compile --type=concolic] Problem19
  [run] improved (reuseProb=0.7) seed=1  →  logs/task3/improved/Problem19_concolic_seed1.csv
    exit=1  [WARN] no CSV produced (see logs/task3/improved/Problem19_concolic_seed1.log)
  [run] improved (reuseProb=0.7) seed=2  →  logs/task3/improved/Problem19_concolic_seed2.csv
    exit=1  [WARN] no CSV produced (see logs/task3/improved/Problem19_concolic_seed2.log)
  [run] improved (reuseProb=0.7) seed=3  →  logs/task3/improved/Problem19_concolic_seed3.csv
    exit=1  [WARN] no CSV produced (see logs/task3/improved/Problem19_concolic_seed3.log)
  [run] improved (reuseProb=0.7) seed=4  →  logs/task3/improved/Problem19_concolic_seed4.csv
    exit=1  [WARN] no CSV produced (see logs/task3/improved/Problem19_concolic_seed4.log)
  [run] improved (reuseProb=0.7) seed=5  →  logs/task3/improved/Problem19_concolic_seed5.csv
    exit=1  [WARN] no CSV produced (see logs/task3/improved/Problem19_concolic_seed5.log)

Done. Task 3 ablation CSVs in logs/task3/<config>/
  base    = reuseProb=0.0  (improvement disabled)
  improved= reuseProb=0.7 (improvement enabled)
Run: python3 scripts/analyze_task3.py   to generate the table and plots.
