
===========================================================
 Problem 11
===========================================================
  [ready] Problem11  concolic
  [run] reuseProb=0.0 seed=1  →  logs/task3/reuse0.0/Problem11_concolic_seed1.csv
    exit=0  csv=logs/task3/reuse0.0/Problem11_concolic_seed1.csv
  [run] reuseProb=0.0 seed=2  →  logs/task3/reuse0.0/Problem11_concolic_seed2.csv
    exit=0  csv=logs/task3/reuse0.0/Problem11_concolic_seed2.csv
  [run] reuseProb=0.0 seed=3  →  logs/task3/reuse0.0/Problem11_concolic_seed3.csv
    exit=0  csv=logs/task3/reuse0.0/Problem11_concolic_seed3.csv
  [run] reuseProb=0.0 seed=4  →  logs/task3/reuse0.0/Problem11_concolic_seed4.csv
    exit=0  csv=logs/task3/reuse0.0/Problem11_concolic_seed4.csv
  [run] reuseProb=0.0 seed=5  →  logs/task3/reuse0.0/Problem11_concolic_seed5.csv
    exit=0  csv=logs/task3/reuse0.0/Problem11_concolic_seed5.csv
  [run] reuseProb=0.5 seed=1  →  logs/task3/reuse0.5/Problem11_concolic_seed1.csv
    exit=0  csv=logs/task3/reuse0.5/Problem11_concolic_seed1.csv
  [run] reuseProb=0.5 seed=2  →  logs/task3/reuse0.5/Problem11_concolic_seed2.csv
    exit=0  csv=logs/task3/reuse0.5/Problem11_concolic_seed2.csv
  [run] reuseProb=0.5 seed=3  →  logs/task3/reuse0.5/Problem11_concolic_seed3.csv
    exit=0  csv=logs/task3/reuse0.5/Problem11_concolic_seed3.csv
  [run] reuseProb=0.5 seed=4  →  logs/task3/reuse0.5/Problem11_concolic_seed4.csv
    exit=0  csv=logs/task3/reuse0.5/Problem11_concolic_seed4.csv
  [run] reuseProb=0.5 seed=5  →  logs/task3/reuse0.5/Problem11_concolic_seed5.csv
    exit=0  csv=logs/task3/reuse0.5/Problem11_concolic_seed5.csv
  [skip] logs/task3/reuse0.7/Problem11_concolic_seed1.csv already exists
  [skip] logs/task3/reuse0.7/Problem11_concolic_seed2.csv already exists
  [skip] logs/task3/reuse0.7/Problem11_concolic_seed3.csv already exists
  [skip] logs/task3/reuse0.7/Problem11_concolic_seed4.csv already exists
  [skip] logs/task3/reuse0.7/Problem11_concolic_seed5.csv already exists
  [run] reuseProb=0.9 seed=1  →  logs/task3/reuse0.9/Problem11_concolic_seed1.csv
    exit=0  csv=logs/task3/reuse0.9/Problem11_concolic_seed1.csv
  [run] reuseProb=0.9 seed=2  →  logs/task3/reuse0.9/Problem11_concolic_seed2.csv
    exit=0  csv=logs/task3/reuse0.9/Problem11_concolic_seed2.csv
  [run] reuseProb=0.9 seed=3  →  logs/task3/reuse0.9/Problem11_concolic_seed3.csv
    exit=0  csv=logs/task3/reuse0.9/Problem11_concolic_seed3.csv
  [run] reuseProb=0.9 seed=4  →  logs/task3/reuse0.9/Problem11_concolic_seed4.csv
    exit=0  csv=logs/task3/reuse0.9/Problem11_concolic_seed4.csv
  [run] reuseProb=0.9 seed=5  →  logs/task3/reuse0.9/Problem11_concolic_seed5.csv
    exit=0  csv=logs/task3/reuse0.9/Problem11_concolic_seed5.csv

===========================================================
 Problem 12
===========================================================
  [ready] Problem12  concolic
  [run] reuseProb=0.0 seed=1  →  logs/task3/reuse0.0/Problem12_concolic_seed1.csv
    exit=0  csv=logs/task3/reuse0.0/Problem12_concolic_seed1.csv
  [run] reuseProb=0.0 seed=2  →  logs/task3/reuse0.0/Problem12_concolic_seed2.csv
    exit=0  csv=logs/task3/reuse0.0/Problem12_concolic_seed2.csv
  [run] reuseProb=0.0 seed=3  →  logs/task3/reuse0.0/Problem12_concolic_seed3.csv
    exit=0  csv=logs/task3/reuse0.0/Problem12_concolic_seed3.csv
  [run] reuseProb=0.0 seed=4  →  logs/task3/reuse0.0/Problem12_concolic_seed4.csv
    exit=0  csv=logs/task3/reuse0.0/Problem12_concolic_seed4.csv
  [run] reuseProb=0.0 seed=5  →  logs/task3/reuse0.0/Problem12_concolic_seed5.csv
    exit=0  csv=logs/task3/reuse0.0/Problem12_concolic_seed5.csv
  [run] reuseProb=0.5 seed=1  →  logs/task3/reuse0.5/Problem12_concolic_seed1.csv
    exit=0  csv=logs/task3/reuse0.5/Problem12_concolic_seed1.csv
  [run] reuseProb=0.5 seed=2  →  logs/task3/reuse0.5/Problem12_concolic_seed2.csv
    exit=0  csv=logs/task3/reuse0.5/Problem12_concolic_seed2.csv
  [run] reuseProb=0.5 seed=3  →  logs/task3/reuse0.5/Problem12_concolic_seed3.csv
    exit=0  csv=logs/task3/reuse0.5/Problem12_concolic_seed3.csv
  [run] reuseProb=0.5 seed=4  →  logs/task3/reuse0.5/Problem12_concolic_seed4.csv
    exit=0  csv=logs/task3/reuse0.5/Problem12_concolic_seed4.csv
  [run] reuseProb=0.5 seed=5  →  logs/task3/reuse0.5/Problem12_concolic_seed5.csv
    exit=0  csv=logs/task3/reuse0.5/Problem12_concolic_seed5.csv
  [skip] logs/task3/reuse0.7/Problem12_concolic_seed1.csv already exists
  [skip] logs/task3/reuse0.7/Problem12_concolic_seed2.csv already exists
  [skip] logs/task3/reuse0.7/Problem12_concolic_seed3.csv already exists
  [skip] logs/task3/reuse0.7/Problem12_concolic_seed4.csv already exists
  [skip] logs/task3/reuse0.7/Problem12_concolic_seed5.csv already exists
  [run] reuseProb=0.9 seed=1  →  logs/task3/reuse0.9/Problem12_concolic_seed1.csv
    exit=0  csv=logs/task3/reuse0.9/Problem12_concolic_seed1.csv
  [run] reuseProb=0.9 seed=2  →  logs/task3/reuse0.9/Problem12_concolic_seed2.csv
    exit=0  csv=logs/task3/reuse0.9/Problem12_concolic_seed2.csv
  [run] reuseProb=0.9 seed=3  →  logs/task3/reuse0.9/Problem12_concolic_seed3.csv
    exit=0  csv=logs/task3/reuse0.9/Problem12_concolic_seed3.csv
  [run] reuseProb=0.9 seed=4  →  logs/task3/reuse0.9/Problem12_concolic_seed4.csv
    exit=0  csv=logs/task3/reuse0.9/Problem12_concolic_seed4.csv
  [run] reuseProb=0.9 seed=5  →  logs/task3/reuse0.9/Problem12_concolic_seed5.csv
    exit=0  csv=logs/task3/reuse0.9/Problem12_concolic_seed5.csv

===========================================================
 Problem 13
===========================================================
  [ready] Problem13  concolic
  [run] reuseProb=0.0 seed=1  →  logs/task3/reuse0.0/Problem13_concolic_seed1.csv
    exit=0  csv=logs/task3/reuse0.0/Problem13_concolic_seed1.csv
  [run] reuseProb=0.0 seed=2  →  logs/task3/reuse0.0/Problem13_concolic_seed2.csv
    exit=0  csv=logs/task3/reuse0.0/Problem13_concolic_seed2.csv
  [run] reuseProb=0.0 seed=3  →  logs/task3/reuse0.0/Problem13_concolic_seed3.csv
    exit=0  csv=logs/task3/reuse0.0/Problem13_concolic_seed3.csv
  [run] reuseProb=0.0 seed=4  →  logs/task3/reuse0.0/Problem13_concolic_seed4.csv
    exit=0  csv=logs/task3/reuse0.0/Problem13_concolic_seed4.csv
  [run] reuseProb=0.0 seed=5  →  logs/task3/reuse0.0/Problem13_concolic_seed5.csv
    exit=0  csv=logs/task3/reuse0.0/Problem13_concolic_seed5.csv
  [run] reuseProb=0.5 seed=1  →  logs/task3/reuse0.5/Problem13_concolic_seed1.csv
    exit=0  csv=logs/task3/reuse0.5/Problem13_concolic_seed1.csv
  [run] reuseProb=0.5 seed=2  →  logs/task3/reuse0.5/Problem13_concolic_seed2.csv
    exit=0  csv=logs/task3/reuse0.5/Problem13_concolic_seed2.csv
  [run] reuseProb=0.5 seed=3  →  logs/task3/reuse0.5/Problem13_concolic_seed3.csv
    exit=0  csv=logs/task3/reuse0.5/Problem13_concolic_seed3.csv
  [run] reuseProb=0.5 seed=4  →  logs/task3/reuse0.5/Problem13_concolic_seed4.csv
    exit=0  csv=logs/task3/reuse0.5/Problem13_concolic_seed4.csv
  [run] reuseProb=0.5 seed=5  →  logs/task3/reuse0.5/Problem13_concolic_seed5.csv
    exit=0  csv=logs/task3/reuse0.5/Problem13_concolic_seed5.csv
  [skip] logs/task3/reuse0.7/Problem13_concolic_seed1.csv already exists
  [skip] logs/task3/reuse0.7/Problem13_concolic_seed2.csv already exists
  [skip] logs/task3/reuse0.7/Problem13_concolic_seed3.csv already exists
  [skip] logs/task3/reuse0.7/Problem13_concolic_seed4.csv already exists
  [skip] logs/task3/reuse0.7/Problem13_concolic_seed5.csv already exists
  [run] reuseProb=0.9 seed=1  →  logs/task3/reuse0.9/Problem13_concolic_seed1.csv
    exit=0  csv=logs/task3/reuse0.9/Problem13_concolic_seed1.csv
  [run] reuseProb=0.9 seed=2  →  logs/task3/reuse0.9/Problem13_concolic_seed2.csv
    exit=0  csv=logs/task3/reuse0.9/Problem13_concolic_seed2.csv
  [run] reuseProb=0.9 seed=3  →  logs/task3/reuse0.9/Problem13_concolic_seed3.csv
    exit=0  csv=logs/task3/reuse0.9/Problem13_concolic_seed3.csv
  [run] reuseProb=0.9 seed=4  →  logs/task3/reuse0.9/Problem13_concolic_seed4.csv
    exit=0  csv=logs/task3/reuse0.9/Problem13_concolic_seed4.csv
  [run] reuseProb=0.9 seed=5  →  logs/task3/reuse0.9/Problem13_concolic_seed5.csv
    exit=0  csv=logs/task3/reuse0.9/Problem13_concolic_seed5.csv

===========================================================
 Problem 14
===========================================================
  [ready] Problem14  concolic
  [run] reuseProb=0.0 seed=1  →  logs/task3/reuse0.0/Problem14_concolic_seed1.csv
    exit=0  csv=logs/task3/reuse0.0/Problem14_concolic_seed1.csv
  [run] reuseProb=0.0 seed=2  →  logs/task3/reuse0.0/Problem14_concolic_seed2.csv
    exit=0  csv=logs/task3/reuse0.0/Problem14_concolic_seed2.csv
  [run] reuseProb=0.0 seed=3  →  logs/task3/reuse0.0/Problem14_concolic_seed3.csv
    exit=0  csv=logs/task3/reuse0.0/Problem14_concolic_seed3.csv
  [run] reuseProb=0.0 seed=4  →  logs/task3/reuse0.0/Problem14_concolic_seed4.csv
    exit=0  csv=logs/task3/reuse0.0/Problem14_concolic_seed4.csv
  [run] reuseProb=0.0 seed=5  →  logs/task3/reuse0.0/Problem14_concolic_seed5.csv
    exit=0  csv=logs/task3/reuse0.0/Problem14_concolic_seed5.csv
  [run] reuseProb=0.5 seed=1  →  logs/task3/reuse0.5/Problem14_concolic_seed1.csv
    exit=0  csv=logs/task3/reuse0.5/Problem14_concolic_seed1.csv
  [run] reuseProb=0.5 seed=2  →  logs/task3/reuse0.5/Problem14_concolic_seed2.csv
    exit=0  csv=logs/task3/reuse0.5/Problem14_concolic_seed2.csv
  [run] reuseProb=0.5 seed=3  →  logs/task3/reuse0.5/Problem14_concolic_seed3.csv
    exit=0  csv=logs/task3/reuse0.5/Problem14_concolic_seed3.csv
  [run] reuseProb=0.5 seed=4  →  logs/task3/reuse0.5/Problem14_concolic_seed4.csv
    exit=0  csv=logs/task3/reuse0.5/Problem14_concolic_seed4.csv
  [run] reuseProb=0.5 seed=5  →  logs/task3/reuse0.5/Problem14_concolic_seed5.csv
    exit=0  csv=logs/task3/reuse0.5/Problem14_concolic_seed5.csv
  [skip] logs/task3/reuse0.7/Problem14_concolic_seed1.csv already exists
  [skip] logs/task3/reuse0.7/Problem14_concolic_seed2.csv already exists
  [skip] logs/task3/reuse0.7/Problem14_concolic_seed3.csv already exists
  [skip] logs/task3/reuse0.7/Problem14_concolic_seed4.csv already exists
  [skip] logs/task3/reuse0.7/Problem14_concolic_seed5.csv already exists
  [run] reuseProb=0.9 seed=1  →  logs/task3/reuse0.9/Problem14_concolic_seed1.csv
    exit=0  csv=logs/task3/reuse0.9/Problem14_concolic_seed1.csv
  [run] reuseProb=0.9 seed=2  →  logs/task3/reuse0.9/Problem14_concolic_seed2.csv
    exit=0  csv=logs/task3/reuse0.9/Problem14_concolic_seed2.csv
  [run] reuseProb=0.9 seed=3  →  logs/task3/reuse0.9/Problem14_concolic_seed3.csv
    exit=0  csv=logs/task3/reuse0.9/Problem14_concolic_seed3.csv
  [run] reuseProb=0.9 seed=4  →  logs/task3/reuse0.9/Problem14_concolic_seed4.csv
    exit=0  csv=logs/task3/reuse0.9/Problem14_concolic_seed4.csv
  [run] reuseProb=0.9 seed=5  →  logs/task3/reuse0.9/Problem14_concolic_seed5.csv
    exit=0  csv=logs/task3/reuse0.9/Problem14_concolic_seed5.csv

===========================================================
 Problem 15
===========================================================
  [ready] Problem15  concolic
  [run] reuseProb=0.0 seed=1  →  logs/task3/reuse0.0/Problem15_concolic_seed1.csv
    exit=0  csv=logs/task3/reuse0.0/Problem15_concolic_seed1.csv
  [run] reuseProb=0.0 seed=2  →  logs/task3/reuse0.0/Problem15_concolic_seed2.csv
    exit=0  csv=logs/task3/reuse0.0/Problem15_concolic_seed2.csv
  [run] reuseProb=0.0 seed=3  →  logs/task3/reuse0.0/Problem15_concolic_seed3.csv
    exit=0  csv=logs/task3/reuse0.0/Problem15_concolic_seed3.csv
  [run] reuseProb=0.0 seed=4  →  logs/task3/reuse0.0/Problem15_concolic_seed4.csv
    exit=0  csv=logs/task3/reuse0.0/Problem15_concolic_seed4.csv
  [run] reuseProb=0.0 seed=5  →  logs/task3/reuse0.0/Problem15_concolic_seed5.csv
    exit=0  csv=logs/task3/reuse0.0/Problem15_concolic_seed5.csv
  [run] reuseProb=0.5 seed=1  →  logs/task3/reuse0.5/Problem15_concolic_seed1.csv
    exit=0  csv=logs/task3/reuse0.5/Problem15_concolic_seed1.csv
  [run] reuseProb=0.5 seed=2  →  logs/task3/reuse0.5/Problem15_concolic_seed2.csv
    exit=0  csv=logs/task3/reuse0.5/Problem15_concolic_seed2.csv
  [run] reuseProb=0.5 seed=3  →  logs/task3/reuse0.5/Problem15_concolic_seed3.csv
    exit=0  csv=logs/task3/reuse0.5/Problem15_concolic_seed3.csv
  [run] reuseProb=0.5 seed=4  →  logs/task3/reuse0.5/Problem15_concolic_seed4.csv
    exit=0  csv=logs/task3/reuse0.5/Problem15_concolic_seed4.csv
  [run] reuseProb=0.5 seed=5  →  logs/task3/reuse0.5/Problem15_concolic_seed5.csv
    exit=0  csv=logs/task3/reuse0.5/Problem15_concolic_seed5.csv
  [skip] logs/task3/reuse0.7/Problem15_concolic_seed1.csv already exists
  [skip] logs/task3/reuse0.7/Problem15_concolic_seed2.csv already exists
  [skip] logs/task3/reuse0.7/Problem15_concolic_seed3.csv already exists
  [skip] logs/task3/reuse0.7/Problem15_concolic_seed4.csv already exists
  [skip] logs/task3/reuse0.7/Problem15_concolic_seed5.csv already exists
  [run] reuseProb=0.9 seed=1  →  logs/task3/reuse0.9/Problem15_concolic_seed1.csv
    exit=0  csv=logs/task3/reuse0.9/Problem15_concolic_seed1.csv
  [run] reuseProb=0.9 seed=2  →  logs/task3/reuse0.9/Problem15_concolic_seed2.csv
    exit=0  csv=logs/task3/reuse0.9/Problem15_concolic_seed2.csv
  [run] reuseProb=0.9 seed=3  →  logs/task3/reuse0.9/Problem15_concolic_seed3.csv
    exit=0  csv=logs/task3/reuse0.9/Problem15_concolic_seed3.csv
  [run] reuseProb=0.9 seed=4  →  logs/task3/reuse0.9/Problem15_concolic_seed4.csv
    exit=0  csv=logs/task3/reuse0.9/Problem15_concolic_seed4.csv
  [run] reuseProb=0.9 seed=5  →  logs/task3/reuse0.9/Problem15_concolic_seed5.csv
    exit=0  csv=logs/task3/reuse0.9/Problem15_concolic_seed5.csv

===========================================================
 Problem 16
===========================================================
  [compile --type=concolic] Problem16
instrumented/concolic/Problem16.java:99656: error: code too large
    private void calculateOutputm207(String input, MyVar my_input) {
                 ^
instrumented/concolic/Problem16.java:151591: error: code too large
    private void calculateOutputm313(String input, MyVar my_input) {
                 ^
2 errors
  [ERROR] compile failed
  [ERROR] concolic setup failed for Problem16 — skipping

===========================================================
 Problem 17
===========================================================
  [ready] Problem17  concolic
  [run] reuseProb=0.0 seed=1  →  logs/task3/reuse0.0/Problem17_concolic_seed1.csv
    exit=0  csv=logs/task3/reuse0.0/Problem17_concolic_seed1.csv
  [run] reuseProb=0.0 seed=2  →  logs/task3/reuse0.0/Problem17_concolic_seed2.csv
    exit=0  csv=logs/task3/reuse0.0/Problem17_concolic_seed2.csv
  [run] reuseProb=0.0 seed=3  →  logs/task3/reuse0.0/Problem17_concolic_seed3.csv
    exit=0  csv=logs/task3/reuse0.0/Problem17_concolic_seed3.csv
  [run] reuseProb=0.0 seed=4  →  logs/task3/reuse0.0/Problem17_concolic_seed4.csv
    exit=0  csv=logs/task3/reuse0.0/Problem17_concolic_seed4.csv
  [run] reuseProb=0.0 seed=5  →  logs/task3/reuse0.0/Problem17_concolic_seed5.csv
    exit=0  csv=logs/task3/reuse0.0/Problem17_concolic_seed5.csv
  [run] reuseProb=0.5 seed=1  →  logs/task3/reuse0.5/Problem17_concolic_seed1.csv
    exit=0  csv=logs/task3/reuse0.5/Problem17_concolic_seed1.csv
  [run] reuseProb=0.5 seed=2  →  logs/task3/reuse0.5/Problem17_concolic_seed2.csv
    exit=0  csv=logs/task3/reuse0.5/Problem17_concolic_seed2.csv
  [run] reuseProb=0.5 seed=3  →  logs/task3/reuse0.5/Problem17_concolic_seed3.csv
    exit=0  csv=logs/task3/reuse0.5/Problem17_concolic_seed3.csv
  [run] reuseProb=0.5 seed=4  →  logs/task3/reuse0.5/Problem17_concolic_seed4.csv
    exit=0  csv=logs/task3/reuse0.5/Problem17_concolic_seed4.csv
  [run] reuseProb=0.5 seed=5  →  logs/task3/reuse0.5/Problem17_concolic_seed5.csv
    exit=0  csv=logs/task3/reuse0.5/Problem17_concolic_seed5.csv
  [skip] logs/task3/reuse0.7/Problem17_concolic_seed1.csv already exists
  [skip] logs/task3/reuse0.7/Problem17_concolic_seed2.csv already exists
  [skip] logs/task3/reuse0.7/Problem17_concolic_seed3.csv already exists
  [skip] logs/task3/reuse0.7/Problem17_concolic_seed4.csv already exists
  [skip] logs/task3/reuse0.7/Problem17_concolic_seed5.csv already exists
  [run] reuseProb=0.9 seed=1  →  logs/task3/reuse0.9/Problem17_concolic_seed1.csv
    exit=0  csv=logs/task3/reuse0.9/Problem17_concolic_seed1.csv
  [run] reuseProb=0.9 seed=2  →  logs/task3/reuse0.9/Problem17_concolic_seed2.csv
    exit=0  csv=logs/task3/reuse0.9/Problem17_concolic_seed2.csv
  [run] reuseProb=0.9 seed=3  →  logs/task3/reuse0.9/Problem17_concolic_seed3.csv
    exit=0  csv=logs/task3/reuse0.9/Problem17_concolic_seed3.csv
  [run] reuseProb=0.9 seed=4  →  logs/task3/reuse0.9/Problem17_concolic_seed4.csv
    exit=0  csv=logs/task3/reuse0.9/Problem17_concolic_seed4.csv
  [run] reuseProb=0.9 seed=5  →  logs/task3/reuse0.9/Problem17_concolic_seed5.csv
    exit=0  csv=logs/task3/reuse0.9/Problem17_concolic_seed5.csv

===========================================================
 Problem 18
===========================================================
  [ready] Problem18  concolic
  [run] reuseProb=0.0 seed=1  →  logs/task3/reuse0.0/Problem18_concolic_seed1.csv
    exit=0  csv=logs/task3/reuse0.0/Problem18_concolic_seed1.csv
  [run] reuseProb=0.0 seed=2  →  logs/task3/reuse0.0/Problem18_concolic_seed2.csv
    exit=0  csv=logs/task3/reuse0.0/Problem18_concolic_seed2.csv
  [run] reuseProb=0.0 seed=3  →  logs/task3/reuse0.0/Problem18_concolic_seed3.csv
    exit=0  csv=logs/task3/reuse0.0/Problem18_concolic_seed3.csv
  [run] reuseProb=0.0 seed=4  →  logs/task3/reuse0.0/Problem18_concolic_seed4.csv
    exit=0  csv=logs/task3/reuse0.0/Problem18_concolic_seed4.csv
  [run] reuseProb=0.0 seed=5  →  logs/task3/reuse0.0/Problem18_concolic_seed5.csv
    exit=0  csv=logs/task3/reuse0.0/Problem18_concolic_seed5.csv
  [run] reuseProb=0.5 seed=1  →  logs/task3/reuse0.5/Problem18_concolic_seed1.csv
    exit=0  csv=logs/task3/reuse0.5/Problem18_concolic_seed1.csv
  [run] reuseProb=0.5 seed=2  →  logs/task3/reuse0.5/Problem18_concolic_seed2.csv
    exit=0  csv=logs/task3/reuse0.5/Problem18_concolic_seed2.csv
  [run] reuseProb=0.5 seed=3  →  logs/task3/reuse0.5/Problem18_concolic_seed3.csv
    exit=0  csv=logs/task3/reuse0.5/Problem18_concolic_seed3.csv
  [run] reuseProb=0.5 seed=4  →  logs/task3/reuse0.5/Problem18_concolic_seed4.csv
    exit=0  csv=logs/task3/reuse0.5/Problem18_concolic_seed4.csv
  [run] reuseProb=0.5 seed=5  →  logs/task3/reuse0.5/Problem18_concolic_seed5.csv
    exit=0  csv=logs/task3/reuse0.5/Problem18_concolic_seed5.csv
  [skip] logs/task3/reuse0.7/Problem18_concolic_seed1.csv already exists
  [skip] logs/task3/reuse0.7/Problem18_concolic_seed2.csv already exists
  [skip] logs/task3/reuse0.7/Problem18_concolic_seed3.csv already exists
  [skip] logs/task3/reuse0.7/Problem18_concolic_seed4.csv already exists
  [skip] logs/task3/reuse0.7/Problem18_concolic_seed5.csv already exists
  [run] reuseProb=0.9 seed=1  →  logs/task3/reuse0.9/Problem18_concolic_seed1.csv
    exit=0  csv=logs/task3/reuse0.9/Problem18_concolic_seed1.csv
  [run] reuseProb=0.9 seed=2  →  logs/task3/reuse0.9/Problem18_concolic_seed2.csv
    exit=0  csv=logs/task3/reuse0.9/Problem18_concolic_seed2.csv
  [run] reuseProb=0.9 seed=3  →  logs/task3/reuse0.9/Problem18_concolic_seed3.csv
    exit=0  csv=logs/task3/reuse0.9/Problem18_concolic_seed3.csv
  [run] reuseProb=0.9 seed=4  →  logs/task3/reuse0.9/Problem18_concolic_seed4.csv
    exit=0  csv=logs/task3/reuse0.9/Problem18_concolic_seed4.csv
  [run] reuseProb=0.9 seed=5  →  logs/task3/reuse0.9/Problem18_concolic_seed5.csv
    exit=0  csv=logs/task3/reuse0.9/Problem18_concolic_seed5.csv

===========================================================
 Problem 19
===========================================================
  [compile --type=concolic] Problem19
  [run] reuseProb=0.0 seed=1  →  logs/task3/reuse0.0/Problem19_concolic_seed1.csv
    exit=1  [WARN] no CSV produced (see logs/task3/reuse0.0/Problem19_concolic_seed1.log)
  [run] reuseProb=0.0 seed=2  →  logs/task3/reuse0.0/Problem19_concolic_seed2.csv
    exit=1  [WARN] no CSV produced (see logs/task3/reuse0.0/Problem19_concolic_seed2.log)
  [run] reuseProb=0.0 seed=3  →  logs/task3/reuse0.0/Problem19_concolic_seed3.csv
    exit=1  [WARN] no CSV produced (see logs/task3/reuse0.0/Problem19_concolic_seed3.log)
  [run] reuseProb=0.0 seed=4  →  logs/task3/reuse0.0/Problem19_concolic_seed4.csv
    exit=1  [WARN] no CSV produced (see logs/task3/reuse0.0/Problem19_concolic_seed4.log)
  [run] reuseProb=0.0 seed=5  →  logs/task3/reuse0.0/Problem19_concolic_seed5.csv
    exit=1  [WARN] no CSV produced (see logs/task3/reuse0.0/Problem19_concolic_seed5.log)
  [run] reuseProb=0.5 seed=1  →  logs/task3/reuse0.5/Problem19_concolic_seed1.csv
    exit=1  [WARN] no CSV produced (see logs/task3/reuse0.5/Problem19_concolic_seed1.log)
  [run] reuseProb=0.5 seed=2  →  logs/task3/reuse0.5/Problem19_concolic_seed2.csv
    exit=1  [WARN] no CSV produced (see logs/task3/reuse0.5/Problem19_concolic_seed2.log)
  [run] reuseProb=0.5 seed=3  →  logs/task3/reuse0.5/Problem19_concolic_seed3.csv
    exit=1  [WARN] no CSV produced (see logs/task3/reuse0.5/Problem19_concolic_seed3.log)
  [run] reuseProb=0.5 seed=4  →  logs/task3/reuse0.5/Problem19_concolic_seed4.csv
    exit=1  [WARN] no CSV produced (see logs/task3/reuse0.5/Problem19_concolic_seed4.log)
  [run] reuseProb=0.5 seed=5  →  logs/task3/reuse0.5/Problem19_concolic_seed5.csv
    exit=1  [WARN] no CSV produced (see logs/task3/reuse0.5/Problem19_concolic_seed5.log)
  [run] reuseProb=0.7 seed=1  →  logs/task3/reuse0.7/Problem19_concolic_seed1.csv
    exit=1  [WARN] no CSV produced (see logs/task3/reuse0.7/Problem19_concolic_seed1.log)
  [run] reuseProb=0.7 seed=2  →  logs/task3/reuse0.7/Problem19_concolic_seed2.csv
    exit=1  [WARN] no CSV produced (see logs/task3/reuse0.7/Problem19_concolic_seed2.log)
  [run] reuseProb=0.7 seed=3  →  logs/task3/reuse0.7/Problem19_concolic_seed3.csv
    exit=1  [WARN] no CSV produced (see logs/task3/reuse0.7/Problem19_concolic_seed3.log)
  [run] reuseProb=0.7 seed=4  →  logs/task3/reuse0.7/Problem19_concolic_seed4.csv
    exit=1  [WARN] no CSV produced (see logs/task3/reuse0.7/Problem19_concolic_seed4.log)
  [run] reuseProb=0.7 seed=5  →  logs/task3/reuse0.7/Problem19_concolic_seed5.csv
    exit=1  [WARN] no CSV produced (see logs/task3/reuse0.7/Problem19_concolic_seed5.log)
  [run] reuseProb=0.9 seed=1  →  logs/task3/reuse0.9/Problem19_concolic_seed1.csv
    exit=1  [WARN] no CSV produced (see logs/task3/reuse0.9/Problem19_concolic_seed1.log)
  [run] reuseProb=0.9 seed=2  →  logs/task3/reuse0.9/Problem19_concolic_seed2.csv
    exit=1  [WARN] no CSV produced (see logs/task3/reuse0.9/Problem19_concolic_seed2.log)
  [run] reuseProb=0.9 seed=3  →  logs/task3/reuse0.9/Problem19_concolic_seed3.csv
    exit=1  [WARN] no CSV produced (see logs/task3/reuse0.9/Problem19_concolic_seed3.log)
  [run] reuseProb=0.9 seed=4  →  logs/task3/reuse0.9/Problem19_concolic_seed4.csv
    exit=1  [WARN] no CSV produced (see logs/task3/reuse0.9/Problem19_concolic_seed4.log)
  [run] reuseProb=0.9 seed=5  →  logs/task3/reuse0.9/Problem19_concolic_seed5.csv
    exit=1  [WARN] no CSV produced (see logs/task3/reuse0.9/Problem19_concolic_seed5.log)

Done. Task 3 CSVs in logs/task3/reuse<P>/  (reuseProb in {0.0 0.5 0.7 0.9})
  reuseProb=0.0 is the base (improvement disabled); 0.7 is the improvement.
Run: python3 scripts/analyze_task3.py   to generate the table and plots.
