[info] AFL compiler: afl-clang-fast
[info] afl-fuzz:     /opt/homebrew/bin/afl-fuzz
[info] added Xcode toolchain to PATH: /Applications/Xcode.app/Contents/Developer/Toolchains/XcodeDefault.xctoolchain/usr/bin

===========================================================
 Problem 19
===========================================================
  [compile afl ] Problem19  (cached)
  [compile plain] Problem19  (cached)
  [run] afl seed=1  (300s)  →  logs/task2/Problem19_afl_seed1
    exit=0  log=logs/task2/Problem19_afl_seed1.log
  [process] extracting errors and coverage  →  logs/task2/Problem19_afl_seed1.csv
[OK] logs/task2/Problem19_afl_seed1.csv  (49 rows, 6 errors, 16045 branches)
  [run] afl seed=2  (300s)  →  logs/task2/Problem19_afl_seed2
    exit=0  log=logs/task2/Problem19_afl_seed2.log
  [process] extracting errors and coverage  →  logs/task2/Problem19_afl_seed2.csv
[OK] logs/task2/Problem19_afl_seed2.csv  (49 rows, 6 errors, 21000 branches)
  [run] afl seed=3  (300s)  →  logs/task2/Problem19_afl_seed3
    exit=0  log=logs/task2/Problem19_afl_seed3.log
  [process] extracting errors and coverage  →  logs/task2/Problem19_afl_seed3.csv
[OK] logs/task2/Problem19_afl_seed3.csv  (49 rows, 4 errors, 16649 branches)
  [run] afl seed=4  (300s)  →  logs/task2/Problem19_afl_seed4
    exit=0  log=logs/task2/Problem19_afl_seed4.log
  [process] extracting errors and coverage  →  logs/task2/Problem19_afl_seed4.csv
[OK] logs/task2/Problem19_afl_seed4.csv  (49 rows, 5 errors, 19213 branches)
  [run] afl seed=5  (300s)  →  logs/task2/Problem19_afl_seed5
    exit=0  log=logs/task2/Problem19_afl_seed5.log
  [process] extracting errors and coverage  →  logs/task2/Problem19_afl_seed5.csv
[OK] logs/task2/Problem19_afl_seed5.csv  (49 rows, 8 errors, 22032 branches)

Done. CSVs in logs/task2/
Run: python3 scripts/analyze_task1.py   (Task 1+2 combined analysis)
