[main] INFO de.learnlib.util.Experiment -  LEARNLIB_PHASE Starting round 1
[main] INFO de.learnlib.util.Experiment -  LEARNLIB_PHASE Learning
[main] INFO de.learnlib.util.Experiment -  LEARNLIB_MODEL de.learnlib.algorithms.ttt.mealy.TTTHypothesisMealy@79b4d0f
[main] INFO de.learnlib.util.Experiment -  LEARNLIB_PHASE Searching for counterexample
[main] INFO de.learnlib.util.Experiment -  LEARNLIB_COUNTEREXAMPLE iA iE
[main] INFO de.learnlib.util.Experiment -  LEARNLIB_PHASE Starting round 2
[main] INFO de.learnlib.util.Experiment -  LEARNLIB_PHASE Learning
[main] INFO de.learnlib.util.Experiment -  LEARNLIB_MODEL de.learnlib.algorithms.ttt.mealy.TTTHypothesisMealy@79b4d0f
[main] INFO de.learnlib.util.Experiment -  LEARNLIB_PHASE Searching for counterexample
[main] INFO de.learnlib.util.Experiment -  LEARNLIB_COUNTEREXAMPLE iH iJ iA iE
[main] INFO de.learnlib.util.Experiment -  LEARNLIB_PHASE Starting round 3
[main] INFO de.learnlib.util.Experiment -  LEARNLIB_PHASE Learning
[main] INFO de.learnlib.util.Experiment -  LEARNLIB_MODEL de.learnlib.algorithms.ttt.mealy.TTTHypothesisMealy@79b4d0f
[main] INFO de.learnlib.util.Experiment -  LEARNLIB_PHASE Searching for counterexample
[main] INFO de.learnlib.util.Experiment -  LEARNLIB_COUNTEREXAMPLE iH iJ iA iA iE
[main] INFO de.learnlib.util.Experiment -  LEARNLIB_PHASE Starting round 4
[main] INFO de.learnlib.util.Experiment -  LEARNLIB_PHASE Learning
[main] INFO de.learnlib.util.Experiment -  LEARNLIB_MODEL de.learnlib.algorithms.ttt.mealy.TTTHypothesisMealy@79b4d0f
[main] INFO de.learnlib.util.Experiment -  LEARNLIB_PHASE Searching for counterexample
[main] INFO de.learnlib.util.Experiment -  LEARNLIB_COUNTEREXAMPLE iH iD iG
[main] INFO de.learnlib.util.Experiment -  LEARNLIB_PHASE Starting round 5
[main] INFO de.learnlib.util.Experiment -  LEARNLIB_PHASE Learning
[main] INFO de.learnlib.util.Experiment -  LEARNLIB_MODEL de.learnlib.algorithms.ttt.mealy.TTTHypothesisMealy@79b4d0f
[main] INFO de.learnlib.util.Experiment -  LEARNLIB_PHASE Searching for counterexample
[main] INFO de.learnlib.util.Experiment -  LEARNLIB_COUNTEREXAMPLE iH iJ iE iA iE
[main] INFO de.learnlib.util.Experiment -  LEARNLIB_PHASE Starting round 6
[main] INFO de.learnlib.util.Experiment -  LEARNLIB_PHASE Learning
[main] INFO de.learnlib.util.Experiment -  LEARNLIB_MODEL de.learnlib.algorithms.ttt.mealy.TTTHypothesisMealy@79b4d0f
[main] INFO de.learnlib.util.Experiment -  LEARNLIB_PHASE Searching for counterexample
[main] INFO de.learnlib.util.Experiment -  LEARNLIB_COUNTEREXAMPLE iA iA iA iA iA
[main] INFO de.learnlib.util.Experiment -  LEARNLIB_PHASE Starting round 7
[main] INFO de.learnlib.util.Experiment -  LEARNLIB_PHASE Learning
[main] INFO de.learnlib.util.Experiment -  LEARNLIB_MODEL de.learnlib.algorithms.ttt.mealy.TTTHypothesisMealy@79b4d0f
[main] INFO de.learnlib.util.Experiment -  LEARNLIB_PHASE Searching for counterexample
[main] INFO de.learnlib.util.Experiment -  LEARNLIB_COUNTEREXAMPLE iE iA iA iA iA
[main] INFO de.learnlib.util.Experiment -  LEARNLIB_PHASE Starting round 8
[main] INFO de.learnlib.util.Experiment -  LEARNLIB_PHASE Learning
[main] INFO de.learnlib.util.Experiment -  LEARNLIB_MODEL de.learnlib.algorithms.ttt.mealy.TTTHypothesisMealy@79b4d0f
[main] INFO de.learnlib.util.Experiment -  LEARNLIB_PHASE Searching for counterexample
[main] INFO de.learnlib.util.Experiment -  LEARNLIB_COUNTEREXAMPLE iE iH iG iD iE
[main] INFO de.learnlib.util.Experiment -  LEARNLIB_PHASE Starting round 9
[main] INFO de.learnlib.util.Experiment -  LEARNLIB_PHASE Learning
[main] INFO de.learnlib.util.Experiment -  LEARNLIB_MODEL de.learnlib.algorithms.ttt.mealy.TTTHypothesisMealy@79b4d0f
[main] INFO de.learnlib.util.Experiment -  LEARNLIB_PHASE Searching for counterexample
[main] INFO de.learnlib.util.Experiment -  LEARNLIB_COUNTEREXAMPLE iE iH iG iA iD
[main] INFO de.learnlib.util.Experiment -  LEARNLIB_PHASE Starting round 10
[main] INFO de.learnlib.util.Experiment -  LEARNLIB_PHASE Learning
[main] INFO de.learnlib.util.Experiment -  LEARNLIB_MODEL de.learnlib.algorithms.ttt.mealy.TTTHypothesisMealy@79b4d0f
[main] INFO de.learnlib.util.Experiment -  LEARNLIB_PHASE Searching for counterexample
[main] INFO de.learnlib.util.Experiment -  LEARNLIB_COUNTEREXAMPLE iE iH iJ iA iH
[main] INFO de.learnlib.util.Experiment -  LEARNLIB_PHASE Starting round 11
[main] INFO de.learnlib.util.Experiment -  LEARNLIB_PHASE Learning
[main] INFO de.learnlib.util.Experiment -  LEARNLIB_MODEL de.learnlib.algorithms.ttt.mealy.TTTHypothesisMealy@79b4d0f
[main] INFO de.learnlib.util.Experiment -  LEARNLIB_PHASE Searching for counterexample
[main] INFO de.learnlib.util.Experiment -  LEARNLIB_COUNTEREXAMPLE iE iH iJ iH iH
[main] INFO de.learnlib.util.Experiment -  LEARNLIB_PHASE Starting round 12
[main] INFO de.learnlib.util.Experiment -  LEARNLIB_PHASE Learning
[main] INFO de.learnlib.util.Experiment -  LEARNLIB_MODEL de.learnlib.algorithms.ttt.mealy.TTTHypothesisMealy@79b4d0f
[main] INFO de.learnlib.util.Experiment -  LEARNLIB_PHASE Searching for counterexample
[main] INFO de.learnlib.util.Experiment -  LEARNLIB_COUNTEREXAMPLE iH iJ iA iA iD
[main] INFO de.learnlib.util.Experiment -  LEARNLIB_PHASE Starting round 13
[main] INFO de.learnlib.util.Experiment -  LEARNLIB_PHASE Learning
[main] INFO de.learnlib.util.Experiment -  LEARNLIB_MODEL de.learnlib.algorithms.ttt.mealy.TTTHypothesisMealy@79b4d0f
[main] INFO de.learnlib.util.Experiment -  LEARNLIB_PHASE Searching for counterexample
[main] INFO de.learnlib.util.Experiment -  LEARNLIB_COUNTEREXAMPLE iA iH iA iA iA iA
[main] INFO de.learnlib.util.Experiment -  LEARNLIB_PHASE Starting round 14
[main] INFO de.learnlib.util.Experiment -  LEARNLIB_PHASE Learning
[main] INFO de.learnlib.util.Experiment -  LEARNLIB_MODEL de.learnlib.algorithms.ttt.mealy.TTTHypothesisMealy@79b4d0f
[main] INFO de.learnlib.util.Experiment -  LEARNLIB_PHASE Searching for counterexample
[main] INFO de.learnlib.util.Experiment -  LEARNLIB_COUNTEREXAMPLE iE iA iA iA iA iA
[main] INFO de.learnlib.util.Experiment -  LEARNLIB_PHASE Starting round 15
[main] INFO de.learnlib.util.Experiment -  LEARNLIB_PHASE Learning
[main] INFO de.learnlib.util.Experiment -  LEARNLIB_MODEL de.learnlib.algorithms.ttt.mealy.TTTHypothesisMealy@79b4d0f
[main] INFO de.learnlib.util.Experiment -  LEARNLIB_PHASE Searching for counterexample
[main] INFO de.learnlib.util.Experiment -  LEARNLIB_COUNTEREXAMPLE iE iH iJ iD iA iA iB
[main] INFO de.learnlib.util.Experiment -  LEARNLIB_PHASE Starting round 16
[main] INFO de.learnlib.util.Experiment -  LEARNLIB_PHASE Learning
[main] INFO de.learnlib.util.Experiment -  LEARNLIB_MODEL de.learnlib.algorithms.ttt.mealy.TTTHypothesisMealy@79b4d0f
[main] INFO de.learnlib.util.Experiment -  LEARNLIB_PHASE Searching for counterexample
[main] INFO de.learnlib.util.Experiment -  LEARNLIB_COUNTEREXAMPLE iH iJ iE iG iB
[main] INFO de.learnlib.util.Experiment -  LEARNLIB_PHASE Starting round 17
[main] INFO de.learnlib.util.Experiment -  LEARNLIB_PHASE Learning
[main] INFO de.learnlib.util.Experiment -  LEARNLIB_MODEL de.learnlib.algorithms.ttt.mealy.TTTHypothesisMealy@79b4d0f
[main] INFO de.learnlib.util.Experiment -  LEARNLIB_PHASE Searching for counterexample
[main] INFO de.learnlib.util.Experiment -  LEARNLIB_COUNTEREXAMPLE iH iE iA iA iA iA
[main] INFO de.learnlib.util.Experiment -  LEARNLIB_PHASE Starting round 18
[main] INFO de.learnlib.util.Experiment -  LEARNLIB_PHASE Learning
[main] INFO de.learnlib.util.Experiment -  LEARNLIB_MODEL de.learnlib.algorithms.ttt.mealy.TTTHypothesisMealy@79b4d0f
[main] INFO de.learnlib.util.Experiment -  LEARNLIB_PHASE Searching for counterexample
[main] INFO de.learnlib.util.Experiment -  LEARNLIB_COUNTEREXAMPLE iE iH iA iJ
[main] INFO de.learnlib.util.Experiment -  LEARNLIB_PHASE Starting round 19
[main] INFO de.learnlib.util.Experiment -  LEARNLIB_PHASE Learning
[main] INFO de.learnlib.util.Experiment -  LEARNLIB_MODEL de.learnlib.algorithms.ttt.mealy.TTTHypothesisMealy@79b4d0f
[main] INFO de.learnlib.util.Experiment -  LEARNLIB_PHASE Searching for counterexample
[main] INFO de.learnlib.util.Experiment -  LEARNLIB_COUNTEREXAMPLE iA iA iH iA iG
[main] INFO de.learnlib.util.Experiment -  LEARNLIB_PHASE Starting round 20
[main] INFO de.learnlib.util.Experiment -  LEARNLIB_PHASE Learning
[main] INFO de.learnlib.util.Experiment -  LEARNLIB_MODEL de.learnlib.algorithms.ttt.mealy.TTTHypothesisMealy@79b4d0f
[main] INFO de.learnlib.util.Experiment -  LEARNLIB_PHASE Searching for counterexample
[main] INFO de.learnlib.util.Experiment -  LEARNLIB_COUNTEREXAMPLE iE iH iC iA iA iA iA
[main] INFO de.learnlib.util.Experiment -  LEARNLIB_PHASE Starting round 21
[main] INFO de.learnlib.util.Experiment -  LEARNLIB_PHASE Learning
[main] INFO de.learnlib.util.Experiment -  LEARNLIB_MODEL de.learnlib.algorithms.ttt.mealy.TTTHypothesisMealy@79b4d0f
[main] INFO de.learnlib.util.Experiment -  LEARNLIB_PHASE Searching for counterexample
Done running
-------------------------------------------------------
Learning [ms]: 60, (0.06 s)
Searching for counterexample [ms]: 44813, (44.813 s)

learning rounds [#]: 21
membership queries [queries]: 4691435
States: 35
Sigma: 10

Model: 
-------------------------------------------------------
