[main] INFO de.learnlib.util.Experiment -  LEARNLIB_PHASE Starting round 1
[main] INFO de.learnlib.util.Experiment -  LEARNLIB_PHASE Learning
[main] INFO de.learnlib.util.Experiment -  LEARNLIB_MODEL de.learnlib.algorithms.ttt.mealy.TTTHypothesisMealy@79b4d0f
[main] INFO de.learnlib.util.Experiment -  LEARNLIB_PHASE Searching for counterexample
[main] INFO de.learnlib.util.Experiment -  LEARNLIB_COUNTEREXAMPLE iB iB
[main] INFO de.learnlib.util.Experiment -  LEARNLIB_PHASE Starting round 2
[main] INFO de.learnlib.util.Experiment -  LEARNLIB_PHASE Learning
[main] INFO de.learnlib.util.Experiment -  LEARNLIB_MODEL de.learnlib.algorithms.ttt.mealy.TTTHypothesisMealy@79b4d0f
[main] INFO de.learnlib.util.Experiment -  LEARNLIB_PHASE Searching for counterexample
[main] INFO de.learnlib.util.Experiment -  LEARNLIB_COUNTEREXAMPLE iB iA iA iB
[main] INFO de.learnlib.util.Experiment -  LEARNLIB_PHASE Starting round 3
[main] INFO de.learnlib.util.Experiment -  LEARNLIB_PHASE Learning
[main] INFO de.learnlib.util.Experiment -  LEARNLIB_MODEL de.learnlib.algorithms.ttt.mealy.TTTHypothesisMealy@79b4d0f
[main] INFO de.learnlib.util.Experiment -  LEARNLIB_PHASE Searching for counterexample
[main] INFO de.learnlib.util.Experiment -  LEARNLIB_COUNTEREXAMPLE iA iA iB
[main] INFO de.learnlib.util.Experiment -  LEARNLIB_PHASE Starting round 4
[main] INFO de.learnlib.util.Experiment -  LEARNLIB_PHASE Learning
[main] INFO de.learnlib.util.Experiment -  LEARNLIB_MODEL de.learnlib.algorithms.ttt.mealy.TTTHypothesisMealy@79b4d0f
[main] INFO de.learnlib.util.Experiment -  LEARNLIB_PHASE Searching for counterexample
[main] INFO de.learnlib.util.Experiment -  LEARNLIB_COUNTEREXAMPLE iC iC
[main] INFO de.learnlib.util.Experiment -  LEARNLIB_PHASE Starting round 5
[main] INFO de.learnlib.util.Experiment -  LEARNLIB_PHASE Learning
[main] INFO de.learnlib.util.Experiment -  LEARNLIB_MODEL de.learnlib.algorithms.ttt.mealy.TTTHypothesisMealy@79b4d0f
[main] INFO de.learnlib.util.Experiment -  LEARNLIB_PHASE Searching for counterexample
[main] INFO de.learnlib.util.Experiment -  LEARNLIB_COUNTEREXAMPLE iD iA iB
[main] INFO de.learnlib.util.Experiment -  LEARNLIB_PHASE Starting round 6
[main] INFO de.learnlib.util.Experiment -  LEARNLIB_PHASE Learning
[main] INFO de.learnlib.util.Experiment -  LEARNLIB_MODEL de.learnlib.algorithms.ttt.mealy.TTTHypothesisMealy@79b4d0f
[main] INFO de.learnlib.util.Experiment -  LEARNLIB_PHASE Searching for counterexample
[main] INFO de.learnlib.util.Experiment -  LEARNLIB_COUNTEREXAMPLE iA iC iA iB
[main] INFO de.learnlib.util.Experiment -  LEARNLIB_PHASE Starting round 7
[main] INFO de.learnlib.util.Experiment -  LEARNLIB_PHASE Learning
[main] INFO de.learnlib.util.Experiment -  LEARNLIB_MODEL de.learnlib.algorithms.ttt.mealy.TTTHypothesisMealy@79b4d0f
[main] INFO de.learnlib.util.Experiment -  LEARNLIB_PHASE Searching for counterexample
[main] INFO de.learnlib.util.Experiment -  LEARNLIB_COUNTEREXAMPLE iF iD iA
[main] INFO de.learnlib.util.Experiment -  LEARNLIB_PHASE Starting round 8
[main] INFO de.learnlib.util.Experiment -  LEARNLIB_PHASE Learning
[main] INFO de.learnlib.util.Experiment -  LEARNLIB_MODEL de.learnlib.algorithms.ttt.mealy.TTTHypothesisMealy@79b4d0f
[main] INFO de.learnlib.util.Experiment -  LEARNLIB_PHASE Searching for counterexample
[main] INFO de.learnlib.util.Experiment -  LEARNLIB_COUNTEREXAMPLE iA iA iA iC
[main] INFO de.learnlib.util.Experiment -  LEARNLIB_PHASE Starting round 9
[main] INFO de.learnlib.util.Experiment -  LEARNLIB_PHASE Learning
[main] INFO de.learnlib.util.Experiment -  LEARNLIB_MODEL de.learnlib.algorithms.ttt.mealy.TTTHypothesisMealy@79b4d0f
[main] INFO de.learnlib.util.Experiment -  LEARNLIB_PHASE Searching for counterexample
[main] INFO de.learnlib.util.Experiment -  LEARNLIB_COUNTEREXAMPLE iA iA iA iA
[main] INFO de.learnlib.util.Experiment -  LEARNLIB_PHASE Starting round 10
[main] INFO de.learnlib.util.Experiment -  LEARNLIB_PHASE Learning
[main] INFO de.learnlib.util.Experiment -  LEARNLIB_MODEL de.learnlib.algorithms.ttt.mealy.TTTHypothesisMealy@79b4d0f
[main] INFO de.learnlib.util.Experiment -  LEARNLIB_PHASE Searching for counterexample
[main] INFO de.learnlib.util.Experiment -  LEARNLIB_COUNTEREXAMPLE iF iC iA iC
[main] INFO de.learnlib.util.Experiment -  LEARNLIB_PHASE Starting round 11
[main] INFO de.learnlib.util.Experiment -  LEARNLIB_PHASE Learning
[main] INFO de.learnlib.util.Experiment -  LEARNLIB_MODEL de.learnlib.algorithms.ttt.mealy.TTTHypothesisMealy@79b4d0f
[main] INFO de.learnlib.util.Experiment -  LEARNLIB_PHASE Searching for counterexample
[main] INFO de.learnlib.util.Experiment -  LEARNLIB_COUNTEREXAMPLE iF iE iA iC
[main] INFO de.learnlib.util.Experiment -  LEARNLIB_PHASE Starting round 12
[main] INFO de.learnlib.util.Experiment -  LEARNLIB_PHASE Learning
[main] INFO de.learnlib.util.Experiment -  LEARNLIB_MODEL de.learnlib.algorithms.ttt.mealy.TTTHypothesisMealy@79b4d0f
[main] INFO de.learnlib.util.Experiment -  LEARNLIB_PHASE Searching for counterexample
[main] INFO de.learnlib.util.Experiment -  LEARNLIB_COUNTEREXAMPLE iB iD iA iA
[main] INFO de.learnlib.util.Experiment -  LEARNLIB_PHASE Starting round 13
[main] INFO de.learnlib.util.Experiment -  LEARNLIB_PHASE Learning
[main] INFO de.learnlib.util.Experiment -  LEARNLIB_MODEL de.learnlib.algorithms.ttt.mealy.TTTHypothesisMealy@79b4d0f
[main] INFO de.learnlib.util.Experiment -  LEARNLIB_PHASE Searching for counterexample
[main] INFO de.learnlib.util.Experiment -  LEARNLIB_COUNTEREXAMPLE iB iI iA iA iC
[main] INFO de.learnlib.util.Experiment -  LEARNLIB_PHASE Starting round 14
[main] INFO de.learnlib.util.Experiment -  LEARNLIB_PHASE Learning
[main] INFO de.learnlib.util.Experiment -  LEARNLIB_MODEL de.learnlib.algorithms.ttt.mealy.TTTHypothesisMealy@79b4d0f
[main] INFO de.learnlib.util.Experiment -  LEARNLIB_PHASE Searching for counterexample
[main] INFO de.learnlib.util.Experiment -  LEARNLIB_COUNTEREXAMPLE iC iE iF iC
[main] INFO de.learnlib.util.Experiment -  LEARNLIB_PHASE Starting round 15
[main] INFO de.learnlib.util.Experiment -  LEARNLIB_PHASE Learning
[main] INFO de.learnlib.util.Experiment -  LEARNLIB_MODEL de.learnlib.algorithms.ttt.mealy.TTTHypothesisMealy@79b4d0f
[main] INFO de.learnlib.util.Experiment -  LEARNLIB_PHASE Searching for counterexample
[main] INFO de.learnlib.util.Experiment -  LEARNLIB_COUNTEREXAMPLE iD iA iA iA iC
[main] INFO de.learnlib.util.Experiment -  LEARNLIB_PHASE Starting round 16
[main] INFO de.learnlib.util.Experiment -  LEARNLIB_PHASE Learning
[main] INFO de.learnlib.util.Experiment -  LEARNLIB_MODEL de.learnlib.algorithms.ttt.mealy.TTTHypothesisMealy@79b4d0f
[main] INFO de.learnlib.util.Experiment -  LEARNLIB_PHASE Searching for counterexample
[main] INFO de.learnlib.util.Experiment -  LEARNLIB_COUNTEREXAMPLE iD iA iA iA iA iC
[main] INFO de.learnlib.util.Experiment -  LEARNLIB_PHASE Starting round 17
[main] INFO de.learnlib.util.Experiment -  LEARNLIB_PHASE Learning
[main] INFO de.learnlib.util.Experiment -  LEARNLIB_MODEL de.learnlib.algorithms.ttt.mealy.TTTHypothesisMealy@79b4d0f
[main] INFO de.learnlib.util.Experiment -  LEARNLIB_PHASE Searching for counterexample
[main] INFO de.learnlib.util.Experiment -  LEARNLIB_COUNTEREXAMPLE iD iA iB iF iC
[main] INFO de.learnlib.util.Experiment -  LEARNLIB_PHASE Starting round 18
[main] INFO de.learnlib.util.Experiment -  LEARNLIB_PHASE Learning
[main] INFO de.learnlib.util.Experiment -  LEARNLIB_MODEL de.learnlib.algorithms.ttt.mealy.TTTHypothesisMealy@79b4d0f
[main] INFO de.learnlib.util.Experiment -  LEARNLIB_PHASE Searching for counterexample
[main] INFO de.learnlib.util.Experiment -  LEARNLIB_COUNTEREXAMPLE iF iI iB iC
[main] INFO de.learnlib.util.Experiment -  LEARNLIB_PHASE Starting round 19
[main] INFO de.learnlib.util.Experiment -  LEARNLIB_PHASE Learning
[main] INFO de.learnlib.util.Experiment -  LEARNLIB_MODEL de.learnlib.algorithms.ttt.mealy.TTTHypothesisMealy@79b4d0f
[main] INFO de.learnlib.util.Experiment -  LEARNLIB_PHASE Searching for counterexample
[main] INFO de.learnlib.util.Experiment -  LEARNLIB_COUNTEREXAMPLE iI iA iA iA iC
[main] INFO de.learnlib.util.Experiment -  LEARNLIB_PHASE Starting round 20
[main] INFO de.learnlib.util.Experiment -  LEARNLIB_PHASE Learning
[main] INFO de.learnlib.util.Experiment -  LEARNLIB_MODEL de.learnlib.algorithms.ttt.mealy.TTTHypothesisMealy@79b4d0f
[main] INFO de.learnlib.util.Experiment -  LEARNLIB_PHASE Searching for counterexample
[main] INFO de.learnlib.util.Experiment -  LEARNLIB_COUNTEREXAMPLE iA iD iA iB iF iC
[main] INFO de.learnlib.util.Experiment -  LEARNLIB_PHASE Starting round 21
[main] INFO de.learnlib.util.Experiment -  LEARNLIB_PHASE Learning
[main] INFO de.learnlib.util.Experiment -  LEARNLIB_MODEL de.learnlib.algorithms.ttt.mealy.TTTHypothesisMealy@79b4d0f
[main] INFO de.learnlib.util.Experiment -  LEARNLIB_PHASE Searching for counterexample
[main] INFO de.learnlib.util.Experiment -  LEARNLIB_COUNTEREXAMPLE iB iD iA iB iF iC
[main] INFO de.learnlib.util.Experiment -  LEARNLIB_PHASE Starting round 22
[main] INFO de.learnlib.util.Experiment -  LEARNLIB_PHASE Learning
[main] INFO de.learnlib.util.Experiment -  LEARNLIB_MODEL de.learnlib.algorithms.ttt.mealy.TTTHypothesisMealy@79b4d0f
[main] INFO de.learnlib.util.Experiment -  LEARNLIB_PHASE Searching for counterexample
[main] INFO de.learnlib.util.Experiment -  LEARNLIB_COUNTEREXAMPLE iF iC iB iI
[main] INFO de.learnlib.util.Experiment -  LEARNLIB_PHASE Starting round 23
[main] INFO de.learnlib.util.Experiment -  LEARNLIB_PHASE Learning
[main] INFO de.learnlib.util.Experiment -  LEARNLIB_MODEL de.learnlib.algorithms.ttt.mealy.TTTHypothesisMealy@79b4d0f
[main] INFO de.learnlib.util.Experiment -  LEARNLIB_PHASE Searching for counterexample
[main] INFO de.learnlib.util.Experiment -  LEARNLIB_COUNTEREXAMPLE iA iA iA iC iI
[main] INFO de.learnlib.util.Experiment -  LEARNLIB_PHASE Starting round 24
[main] INFO de.learnlib.util.Experiment -  LEARNLIB_PHASE Learning
[main] INFO de.learnlib.util.Experiment -  LEARNLIB_MODEL de.learnlib.algorithms.ttt.mealy.TTTHypothesisMealy@79b4d0f
[main] INFO de.learnlib.util.Experiment -  LEARNLIB_PHASE Searching for counterexample
[main] INFO de.learnlib.util.Experiment -  LEARNLIB_COUNTEREXAMPLE iA iA iA iC iD iI
[main] INFO de.learnlib.util.Experiment -  LEARNLIB_PHASE Starting round 25
[main] INFO de.learnlib.util.Experiment -  LEARNLIB_PHASE Learning
[main] INFO de.learnlib.util.Experiment -  LEARNLIB_MODEL de.learnlib.algorithms.ttt.mealy.TTTHypothesisMealy@79b4d0f
[main] INFO de.learnlib.util.Experiment -  LEARNLIB_PHASE Searching for counterexample
[main] INFO de.learnlib.util.Experiment -  LEARNLIB_COUNTEREXAMPLE iA iA iA iC iD iA iC
[main] INFO de.learnlib.util.Experiment -  LEARNLIB_PHASE Starting round 26
[main] INFO de.learnlib.util.Experiment -  LEARNLIB_PHASE Learning
[main] INFO de.learnlib.util.Experiment -  LEARNLIB_MODEL de.learnlib.algorithms.ttt.mealy.TTTHypothesisMealy@79b4d0f
[main] INFO de.learnlib.util.Experiment -  LEARNLIB_PHASE Searching for counterexample
[main] INFO de.learnlib.util.Experiment -  LEARNLIB_COUNTEREXAMPLE iA iA iA iC iD iB iA iA
[main] INFO de.learnlib.util.Experiment -  LEARNLIB_PHASE Starting round 27
[main] INFO de.learnlib.util.Experiment -  LEARNLIB_PHASE Learning
[main] INFO de.learnlib.util.Experiment -  LEARNLIB_MODEL de.learnlib.algorithms.ttt.mealy.TTTHypothesisMealy@79b4d0f
[main] INFO de.learnlib.util.Experiment -  LEARNLIB_PHASE Searching for counterexample
[main] INFO de.learnlib.util.Experiment -  LEARNLIB_COUNTEREXAMPLE iA iA iA iC iD iA iJ iA iB
[main] INFO de.learnlib.util.Experiment -  LEARNLIB_PHASE Starting round 28
[main] INFO de.learnlib.util.Experiment -  LEARNLIB_PHASE Learning
[main] INFO de.learnlib.util.Experiment -  LEARNLIB_MODEL de.learnlib.algorithms.ttt.mealy.TTTHypothesisMealy@79b4d0f
[main] INFO de.learnlib.util.Experiment -  LEARNLIB_PHASE Searching for counterexample
[main] INFO de.learnlib.util.Experiment -  LEARNLIB_COUNTEREXAMPLE iA iA iA iC iD iA iB iJ iD iI
[main] INFO de.learnlib.util.Experiment -  LEARNLIB_PHASE Starting round 29
[main] INFO de.learnlib.util.Experiment -  LEARNLIB_PHASE Learning
[main] INFO de.learnlib.util.Experiment -  LEARNLIB_MODEL de.learnlib.algorithms.ttt.mealy.TTTHypothesisMealy@79b4d0f
[main] INFO de.learnlib.util.Experiment -  LEARNLIB_PHASE Searching for counterexample
[main] INFO de.learnlib.util.Experiment -  LEARNLIB_COUNTEREXAMPLE iA iI iA iB iC
[main] INFO de.learnlib.util.Experiment -  LEARNLIB_PHASE Starting round 30
[main] INFO de.learnlib.util.Experiment -  LEARNLIB_PHASE Learning
[main] INFO de.learnlib.util.Experiment -  LEARNLIB_MODEL de.learnlib.algorithms.ttt.mealy.TTTHypothesisMealy@79b4d0f
[main] INFO de.learnlib.util.Experiment -  LEARNLIB_PHASE Searching for counterexample
[main] INFO de.learnlib.util.Experiment -  LEARNLIB_COUNTEREXAMPLE iC iC iA iA iA iC
[main] INFO de.learnlib.util.Experiment -  LEARNLIB_PHASE Starting round 31
[main] INFO de.learnlib.util.Experiment -  LEARNLIB_PHASE Learning
[main] INFO de.learnlib.util.Experiment -  LEARNLIB_MODEL de.learnlib.algorithms.ttt.mealy.TTTHypothesisMealy@79b4d0f
[main] INFO de.learnlib.util.Experiment -  LEARNLIB_PHASE Searching for counterexample
[main] INFO de.learnlib.util.Experiment -  LEARNLIB_COUNTEREXAMPLE iC iE iF iD iA iC
[main] INFO de.learnlib.util.Experiment -  LEARNLIB_PHASE Starting round 32
[main] INFO de.learnlib.util.Experiment -  LEARNLIB_PHASE Learning
[main] INFO de.learnlib.util.Experiment -  LEARNLIB_MODEL de.learnlib.algorithms.ttt.mealy.TTTHypothesisMealy@79b4d0f
[main] INFO de.learnlib.util.Experiment -  LEARNLIB_PHASE Searching for counterexample
[main] INFO de.learnlib.util.Experiment -  LEARNLIB_COUNTEREXAMPLE iF iD iB iA iD iA iC
[main] INFO de.learnlib.util.Experiment -  LEARNLIB_PHASE Starting round 33
[main] INFO de.learnlib.util.Experiment -  LEARNLIB_PHASE Learning
[main] INFO de.learnlib.util.Experiment -  LEARNLIB_MODEL de.learnlib.algorithms.ttt.mealy.TTTHypothesisMealy@79b4d0f
[main] INFO de.learnlib.util.Experiment -  LEARNLIB_PHASE Searching for counterexample
[main] INFO de.learnlib.util.Experiment -  LEARNLIB_COUNTEREXAMPLE iA iA iA iC iB iD iA
[main] INFO de.learnlib.util.Experiment -  LEARNLIB_PHASE Starting round 34
[main] INFO de.learnlib.util.Experiment -  LEARNLIB_PHASE Learning
[main] INFO de.learnlib.util.Experiment -  LEARNLIB_MODEL de.learnlib.algorithms.ttt.mealy.TTTHypothesisMealy@79b4d0f
[main] INFO de.learnlib.util.Experiment -  LEARNLIB_PHASE Searching for counterexample
[main] INFO de.learnlib.util.Experiment -  LEARNLIB_COUNTEREXAMPLE iD iE iA iA iA iC
[main] INFO de.learnlib.util.Experiment -  LEARNLIB_PHASE Starting round 35
[main] INFO de.learnlib.util.Experiment -  LEARNLIB_PHASE Learning
[main] INFO de.learnlib.util.Experiment -  LEARNLIB_MODEL de.learnlib.algorithms.ttt.mealy.TTTHypothesisMealy@79b4d0f
[main] INFO de.learnlib.util.Experiment -  LEARNLIB_PHASE Searching for counterexample
[main] INFO de.learnlib.util.Experiment -  LEARNLIB_COUNTEREXAMPLE iA iA iA iC iD iA iJ iD iA iI
[main] INFO de.learnlib.util.Experiment -  LEARNLIB_PHASE Starting round 36
[main] INFO de.learnlib.util.Experiment -  LEARNLIB_PHASE Learning
[main] INFO de.learnlib.util.Experiment -  LEARNLIB_MODEL de.learnlib.algorithms.ttt.mealy.TTTHypothesisMealy@79b4d0f
[main] INFO de.learnlib.util.Experiment -  LEARNLIB_PHASE Searching for counterexample
[main] INFO de.learnlib.util.Experiment -  LEARNLIB_COUNTEREXAMPLE iA iA iA iC iD iA iC iB iD iA
[main] INFO de.learnlib.util.Experiment -  LEARNLIB_PHASE Starting round 37
[main] INFO de.learnlib.util.Experiment -  LEARNLIB_PHASE Learning
[main] INFO de.learnlib.util.Experiment -  LEARNLIB_MODEL de.learnlib.algorithms.ttt.mealy.TTTHypothesisMealy@79b4d0f
[main] INFO de.learnlib.util.Experiment -  LEARNLIB_PHASE Searching for counterexample
[main] INFO de.learnlib.util.Experiment -  LEARNLIB_COUNTEREXAMPLE iC iC iA iE iC
[main] INFO de.learnlib.util.Experiment -  LEARNLIB_PHASE Starting round 38
[main] INFO de.learnlib.util.Experiment -  LEARNLIB_PHASE Learning
[main] INFO de.learnlib.util.Experiment -  LEARNLIB_MODEL de.learnlib.algorithms.ttt.mealy.TTTHypothesisMealy@79b4d0f
[main] INFO de.learnlib.util.Experiment -  LEARNLIB_PHASE Searching for counterexample
[main] INFO de.learnlib.util.Experiment -  LEARNLIB_COUNTEREXAMPLE iB iF iI iC iA iI iC
[main] INFO de.learnlib.util.Experiment -  LEARNLIB_PHASE Starting round 39
[main] INFO de.learnlib.util.Experiment -  LEARNLIB_PHASE Learning
[main] INFO de.learnlib.util.Experiment -  LEARNLIB_MODEL de.learnlib.algorithms.ttt.mealy.TTTHypothesisMealy@79b4d0f
[main] INFO de.learnlib.util.Experiment -  LEARNLIB_PHASE Searching for counterexample
[main] INFO de.learnlib.util.Experiment -  LEARNLIB_COUNTEREXAMPLE iA iA iA iC iB iD iA iJ iD iC iJ iB
[main] INFO de.learnlib.util.Experiment -  LEARNLIB_PHASE Starting round 40
[main] INFO de.learnlib.util.Experiment -  LEARNLIB_PHASE Learning
[main] INFO de.learnlib.util.Experiment -  LEARNLIB_MODEL de.learnlib.algorithms.ttt.mealy.TTTHypothesisMealy@79b4d0f
[main] INFO de.learnlib.util.Experiment -  LEARNLIB_PHASE Searching for counterexample
Done running
-------------------------------------------------------
Learning [ms]: 122, (0.122 s)
Searching for counterexample [ms]: 138865, (138.865 s)

learning rounds [#]: 40
membership queries [queries]: 12612199
States: 55
Sigma: 10

Model: 
-------------------------------------------------------
